15:32:31 **** Incremental Build of configuration Debug for project block-extra1 ****
make -j12 all 
arm-none-eabi-gcc "../Core/Src/main.c" -mcpu=cortex-m4 -std=gnu11 -g3 -DDEBUG -DUSE_HAL_DRIVER -DSTM32F411xE -c -I../Core/Inc -I../Drivers/STM32F4xx_HAL_Driver/Inc -I../Drivers/STM32F4xx_HAL_Driver/Inc/Legacy -I../Drivers/CMSIS/Device/ST/STM32F4xx/Include -I../Drivers/CMSIS/Include -O0 -ffunction-sections -fdata-sections -Wall -fstack-usage -fcyclomatic-complexity -MMD -MP -MF"Core/Src/main.d" -MT"Core/Src/main.o" --specs=nano.specs -mfpu=fpv4-sp-d16 -mfloat-abi=hard -mthumb -o "Core/Src/main.o"
../Core/Src/main.c: In function 'main':
../Core/Src/main.c:106:41: warning: passing argument 2 of 'HAL_UART_Receive' discards 'volatile' qualifier from pointer target type [-Wdiscarded-qualifiers]
  106 |           if (HAL_UART_Receive(&huart2, &rx_data, 1, 10) == HAL_OK) {
      |                                         ^~~~~~~~
In file included from ../Core/Inc/stm32f4xx_hal_conf.h:411,
                 from ../Drivers/STM32F4xx_HAL_Driver/Inc/stm32f4xx_hal.h:29,
                 from ../Core/Inc/main.h:30,
                 from ../Core/Src/main.c:20:
../Drivers/STM32F4xx_HAL_Driver/Inc/stm32f4xx_hal_uart.h:746:72: note: expected 'uint8_t *' {aka 'unsigned char *'} but argument is of type 'volatile uint8_t *' {aka 'volatile unsigned char *'}
  746 | HAL_StatusTypeDef HAL_UART_Receive(UART_HandleTypeDef *huart, uint8_t *pData, uint16_t Size, uint32_t Timeout);
      |                                                               ~~~~~~~~~^~~~~
../Core/Src/main.c:107:46: warning: passing argument 2 of 'HAL_UART_Transmit' discards 'volatile' qualifier from pointer target type [-Wdiscarded-qualifiers]
  107 |                   HAL_UART_Transmit(&huart2, &rx_data, 1, 10);
      |                                              ^~~~~~~~
../Drivers/STM32F4xx_HAL_Driver/Inc/stm32f4xx_hal_uart.h:745:79: note: expected 'const uint8_t *' {aka 'const unsigned char *'} but argument is of type 'volatile uint8_t *' {aka 'volatile unsigned char *'}
  745 | HAL_StatusTypeDef HAL_UART_Transmit(UART_HandleTypeDef *huart, const uint8_t *pData, uint16_t Size, uint32_t Timeout);
      |                                                                ~~~~~~~~~~~~~~~^~~~~
arm-none-eabi-gcc -o "block-extra1.elf" @"objects.list"   -mcpu=cortex-m4 -T"/home/kkattmos/Documents/2026a-repo/embedded-lab/block-extra1/STM32F411RETX_FLASH.ld" --specs=nosys.specs -Wl,-Map="block-extra1.map" -Wl,--gc-sections -static --specs=nano.specs -mfpu=fpv4-sp-d16 -mfloat-abi=hard -mthumb -Wl,--start-group -lc -lm -Wl,--end-group
Finished building target: block-extra1.elf
 
arm-none-eabi-size  block-extra1.elf 
arm-none-eabi-objdump -h -S block-extra1.elf  > "block-extra1.list"
   text	   data	    bss	    dec	    hex	filename
   8992	     16	   1648	  10656	   29a0	block-extra1.elf
Finished building: default.size.stdout
 
Finished building: block-extra1.list
 

15:32:31 Build Finished. 0 errors, 2 warnings. (took 459ms)

