13:45:53 **** Incremental Build of configuration Debug for project block4_p1a ****
make -j12 all 
arm-none-eabi-gcc "../Core/Src/main.c" -mcpu=cortex-m4 -std=gnu11 -g3 -DDEBUG -DUSE_HAL_DRIVER -DSTM32F411xE -c -I../Core/Inc -I../Drivers/STM32F4xx_HAL_Driver/Inc -I../Drivers/STM32F4xx_HAL_Driver/Inc/Legacy -I../Drivers/CMSIS/Device/ST/STM32F4xx/Include -I../Drivers/CMSIS/Include -O0 -ffunction-sections -fdata-sections -Wall -fstack-usage -fcyclomatic-complexity -MMD -MP -MF"Core/Src/main.d" -MT"Core/Src/main.o" --specs=nano.specs -mfpu=fpv4-sp-d16 -mfloat-abi=hard -mthumb -o "Core/Src/main.o"
../Core/Src/main.c:47:18: warning: built-in function 'index' declared as non-function [-Wbuiltin-declaration-mismatch]
   47 | volatile uint8_t index = 0;
      |                  ^~~~~
../Core/Src/main.c: In function 'HAL_GPIO_EXTI_Callback':
../Core/Src/main.c:240:52: warning: passing argument 2 of 'HAL_UART_Transmit' from incompatible pointer type [-Wincompatible-pointer-types]
  240 |                         HAL_UART_Transmit(&huart2, (uint16_t*)&"\n", 1, 10);
      |                                                    ^~~~~~~~~~~~~~~~
      |                                                    |
      |                                                    uint16_t * {aka short unsigned int *}
In file included from ../Core/Inc/stm32f4xx_hal_conf.h:411,
                 from ../Drivers/STM32F4xx_HAL_Driver/Inc/stm32f4xx_hal.h:29,
                 from ../Core/Inc/main.h:30,
                 from ../Core/Src/main.c:20:
../Drivers/STM32F4xx_HAL_Driver/Inc/stm32f4xx_hal_uart.h:745:79: note: expected 'const uint8_t *' {aka 'const unsigned char *'} but argument is of type 'uint16_t *' {aka 'short unsigned int *'}
  745 | HAL_StatusTypeDef HAL_UART_Transmit(UART_HandleTypeDef *huart, const uint8_t *pData, uint16_t Size, uint32_t Timeout);
      |                                                                ~~~~~~~~~~~~~~~^~~~~
arm-none-eabi-gcc -o "block4_p1a.elf" @"objects.list"   -mcpu=cortex-m4 -T"/home/kkattmos/Documents/2026a-repo/embedded-lab/block4_p1a/STM32F411RETX_FLASH.ld" --specs=nosys.specs -Wl,-Map="block4_p1a.map" -Wl,--gc-sections -static --specs=nano.specs -mfpu=fpv4-sp-d16 -mfloat-abi=hard -mthumb -Wl,--start-group -lc -lm -Wl,--end-group
Finished building target: block4_p1a.elf
 
arm-none-eabi-size  block4_p1a.elf 
arm-none-eabi-objdump -h -S block4_p1a.elf  > "block4_p1a.list"
   text	   data	    bss	    dec	    hex	filename
   8808	     20	   1652	  10480	   28f0	block4_p1a.elf
Finished building: default.size.stdout
 
Finished building: block4_p1a.list
 

13:45:54 Build Finished. 0 errors, 2 warnings. (took 734ms)

