15:31:01 **** Incremental Build of configuration Debug for project Lab4_2 ****
make -j12 all 
arm-none-eabi-gcc "../Core/Src/main.c" -mcpu=cortex-m4 -std=gnu11 -g3 -DDEBUG -DUSE_HAL_DRIVER -DSTM32F411xE -c -I../Core/Inc -I../Drivers/STM32F4xx_HAL_Driver/Inc -I../Drivers/STM32F4xx_HAL_Driver/Inc/Legacy -I../Drivers/CMSIS/Device/ST/STM32F4xx/Include -I../Drivers/CMSIS/Include -O0 -ffunction-sections -fdata-sections -Wall -fstack-usage -fcyclomatic-complexity -MMD -MP -MF"Core/Src/main.d" -MT"Core/Src/main.o" --specs=nano.specs -mfpu=fpv4-sp-d16 -mfloat-abi=hard -mthumb -o "Core/Src/main.o"
../Core/Src/main.c: In function 'main':
../Core/Src/main.c:109:17: warning: implicit declaration of function 'sprintf' [-Wimplicit-function-declaration]
  109 |                 sprintf(buf, "%d\r\n", adcval);
      |                 ^~~~~~~
../Core/Src/main.c:21:1: note: include '<stdio.h>' or provide a declaration of 'sprintf'
   20 | #include "main.h"
  +++ |+#include <stdio.h>
   21 | 
../Core/Src/main.c:109:17: warning: incompatible implicit declaration of built-in function 'sprintf' [-Wbuiltin-declaration-mismatch]
  109 |                 sprintf(buf, "%d\r\n", adcval);
      |                 ^~~~~~~
../Core/Src/main.c:109:17: note: include '<stdio.h>' or provide a declaration of 'sprintf'
../Core/Src/main.c:109:25: warning: passing argument 1 of 'sprintf' makes pointer from integer without a cast [-Wint-conversion]
  109 |                 sprintf(buf, "%d\r\n", adcval);
      |                         ^~~
      |                         |
      |                         char
../Core/Src/main.c:109:25: note: expected 'char *' but argument is of type 'char'
../Core/Src/main.c:110:44: warning: cast to pointer from integer of different size [-Wint-to-pointer-cast]
  110 |                 HAL_UART_Transmit(&huart2, (uint8_t*)buf, strlen(buf), 10);
      |                                            ^
../Core/Src/main.c:110:59: warning: implicit declaration of function 'strlen' [-Wimplicit-function-declaration]
  110 |                 HAL_UART_Transmit(&huart2, (uint8_t*)buf, strlen(buf), 10);
      |                                                           ^~~~~~
../Core/Src/main.c:21:1: note: include '<string.h>' or provide a declaration of 'strlen'
   20 | #include "main.h"
  +++ |+#include <string.h>
   21 | 
../Core/Src/main.c:110:59: warning: incompatible implicit declaration of built-in function 'strlen' [-Wbuiltin-declaration-mismatch]
  110 |                 HAL_UART_Transmit(&huart2, (uint8_t*)buf, strlen(buf), 10);
      |                                                           ^~~~~~
../Core/Src/main.c:110:59: note: include '<string.h>' or provide a declaration of 'strlen'
../Core/Src/main.c:110:66: warning: passing argument 1 of 'strlen' makes pointer from integer without a cast [-Wint-conversion]
  110 |                 HAL_UART_Transmit(&huart2, (uint8_t*)buf, strlen(buf), 10);
      |                                                                  ^~~
      |                                                                  |
      |                                                                  char
../Core/Src/main.c:110:66: note: expected 'const char *' but argument is of type 'char'
../Core/Src/main.c:109:17: warning: 'buf' is used uninitialized [-Wuninitialized]
  109 |                 sprintf(buf, "%d\r\n", adcval);
      |                 ^~~~~~~~~~~~~~~~~~~~~~~~~~~~~~
../Core/Src/main.c:98:8: note: 'buf' was declared here
   98 |   char buf;
      |        ^~~
arm-none-eabi-gcc -o "Lab4_2.elf" @"objects.list"   -mcpu=cortex-m4 -T"/home/kkattmos/Documents/2026a-repo/embedded-lab/Lab4_2/STM32F411RETX_FLASH.ld" --specs=nosys.specs -Wl,-Map="Lab4_2.map" -Wl,--gc-sections -static --specs=nano.specs -mfpu=fpv4-sp-d16 -mfloat-abi=hard -mthumb -Wl,--start-group -lc -lm -Wl,--end-group
Finished building target: Lab4_2.elf
 
arm-none-eabi-size  Lab4_2.elf 
arm-none-eabi-objdump -h -S Lab4_2.elf  > "Lab4_2.list"
   text	   data	    bss	    dec	    hex	filename
  13372	     92	   2044	  15508	   3c94	Lab4_2.elf
Finished building: default.size.stdout
 
Finished building: Lab4_2.list
 

15:31:01 Build Finished. 0 errors, 8 warnings. (took 346ms)

